 ____     __  __      ______      __         _____       ____        _____       ____     __  __      ____       ____        ____       
/\  _`\  /\ \/\ \ /\__  _\    /\ \       /\  __`\    /\  _`\     /\  __`\    /\  _`\  /\ \/\ \    /\  _`\    /\  _`\     /\  _`\     
\ \ \L\ \\ \ \_\ \   \/_/\ \/    \ \ \      \ \ \/\ \   \ \,\L\_\   \ \ \/\ \   \ \ \L\ \\ \ \_\ \   \ \ \L\_\  \ \ \L\ \   \ \,\L\_\   
 \ \ ,__/ \ \  _  \     \ \ \     \ \ \  __  \ \ \ \ \   \/_\__ \    \ \ \ \ \   \ \ ,__/ \ \  _  \   \ \  _\L   \ \ ,  /    \/_\__ \   
  \ \ \/   \ \ \ \ \     \_\ \__   \ \ \L\ \  \ \ \_\ \    /\ \L\ \   \ \ \_\ \   \ \ \/   \ \ \ \ \   \ \ \L\ \  \ \ \\ \     /\ \L\ \ 
   \ \_\    \ \_\ \_\    /\_____\   \ \____/   \ \_____\   \ `\____\   \ \_____\   \ \_\    \ \_\ \_\   \ \____/   \ \_\ \_\   \ `\____\
    \/_/     \/_/\/_/    \/_____/    \/___/     \/_____/    \/_____/    \/_____/    \/_/     \/_/\/_/    \/___/     \/_/\/ /    \/_____/
                                                                                                      